[INFO] [launch]: All log files can be found below /home/oy/.ros/log/2026-09-06-10-16-32-492292-OY-9889
[INFO] [launch]: Default logging verbosity is set to INFO
[INFO] [sim_episode_coordinator-1]: process started with pid [9893]
[INFO] [sim_view_executor-2]: process started with pid [9894]
[sim_episode_coordinator-1] [INFO] [1788661029.560590255] [cs625_sim_episode_coordinator]: P4 received 17/24 reachable candidates
[sim_episode_coordinator-1] [INFO] [1788661029.579054568] [cs625_sim_episode_coordinator]: P4 selected fibonacci_00; executor subscribers=1
[sim_view_executor-2] [INFO] [1788661029.642364427] [cs625_sim_view_executor]: P4 executor received selection fibonacci_00 for cycle 0
[sim_view_executor-2] [INFO] [1788661090.219009667] [cs625_sim_view_executor]: P4 execution completed: EXECUTION_FAILED; coordinator subscribers=1
[sim_episode_coordinator-1] [INFO] [1788661090.219146044] [cs625_sim_episode_coordinator]: P4 selected fibonacci_03; executor subscribers=1
[sim_view_executor-2] [INFO] [1788661090.236342001] [cs625_sim_view_executor]: P4 executor received selection fibonacci_03 for cycle 0
[sim_episode_coordinator-1] [INFO] [1788661090.366360411] [cs625_sim_episode_coordinator]: P4 selected fibonacci_04; executor subscribers=1
[sim_view_executor-2] [INFO] [1788661090.366450126] [cs625_sim_view_executor]: P4 execution completed: PLANNING_FAILED; coordinator subscribers=1
[sim_view_executor-2] [INFO] [1788661090.384164078] [cs625_sim_view_executor]: P4 executor received selection fibonacci_04 for cycle 0
[sim_view_executor-2] [INFO] [1788661090.522315073] [cs625_sim_view_executor]: P4 execution completed: PLANNING_FAILED; coordinator subscribers=1
[sim_episode_coordinator-1] [INFO] [1788661090.532521394] [cs625_sim_episode_coordinator]: P4 episode finished: MAX_FAILED_ATTEMPTS
[sim_episode_coordinator-1] Traceback (most recent call last):
[sim_episode_coordinator-1]   File "/home/oy/cs625_p56_install/lib/cs625_view_evaluation/sim_episode_coordinator", line 33, in <module>
[sim_episode_coordinator-1]     sys.exit(load_entry_point('cs625-view-evaluation', 'console_scripts', 'sim_episode_coordinator')())
[sim_episode_coordinator-1]              ^^^^^^^^^^^^^^^^^^^^^^^^^^^^^^^^^^^^^^^^^^^^^^^^^^^^^^^^^^^^^^^^^^^^^^^^^^^^^^^^^^^^^^^^^
[sim_episode_coordinator-1]   File "/home/oy/cs625_p56_build/cs625_view_evaluation/cs625_view_evaluation/sim_episode_coordinator.py", line 269, in main
[sim_episode_coordinator-1]     rclpy.spin(node)
[sim_episode_coordinator-1]   File "/opt/ros/jazzy/lib/python3.12/site-packages/rclpy/__init__.py", line 247, in spin
[sim_episode_coordinator-1]     executor.spin_once()
[sim_episode_coordinator-1]   File "/opt/ros/jazzy/lib/python3.12/site-packages/rclpy/executors.py", line 926, in spin_once
[sim_episode_coordinator-1]     self._spin_once_impl(timeout_sec)
[sim_episode_coordinator-1]   File "/opt/ros/jazzy/lib/python3.12/site-packages/rclpy/executors.py", line 907, in _spin_once_impl
[sim_episode_coordinator-1]     handler, entity, node = self.wait_for_ready_callbacks(
[sim_episode_coordinator-1]                             ^^^^^^^^^^^^^^^^^^^^^^^^^^^^^^
[sim_episode_coordinator-1]   File "/opt/ros/jazzy/lib/python3.12/site-packages/rclpy/executors.py", line 877, in wait_for_ready_callbacks
[sim_episode_coordinator-1]     return next(self._cb_iter)
[sim_episode_coordinator-1]            ^^^^^^^^^^^^^^^^^^^
[sim_episode_coordinator-1]   File "/opt/ros/jazzy/lib/python3.12/site-packages/rclpy/executors.py", line 757, in _wait_for_ready_callbacks
[sim_episode_coordinator-1]     wait_set = _rclpy.WaitSet(
[sim_episode_coordinator-1]                ^^^^^^^^^^^^^^^
[sim_episode_coordinator-1] rclpy._rclpy_pybind11.RCLError: failed to initialize wait set: the given context is not valid, either rcl_init() was not called or rcl_shutdown() was called., at ./src/rcl/wait.c:130
[INFO] [sim_view_executor-2]: process has finished cleanly [pid 9894]
[ERROR] [sim_episode_coordinator-1]: process has died [pid 9893, exit code 1, cmd '/home/oy/cs625_p56_install/lib/cs625_view_evaluation/sim_episode_coordinator --ros-args -r __node:=cs625_sim_episode_coordinator --params-file /tmp/launch_params_yy7fxczr --params-file /tmp/launch_params_6p63cla4'].
