[INFO] [launch]: All log files can be found below /home/oy/.ros/log/2026-09-05-18-22-42-005980-OY-460
[INFO] [launch]: Default logging verbosity is set to INFO
[INFO] [launch.user]: Phase 1 active-localization framework: strategy='disabled'; no target-perception/NBV algorithm is started.
[INFO] [launch.user]: gz_ros2_control_plugin=/opt/ros/jazzy/lib/libgz_ros2_control-system.so
[INFO] [launch.user]: ign_partition=p7_5_r10
[INFO] [launch.user]: CS625 sim_base profile: cs625
[INFO] [launch.user]: execute=false (safe default is false)

[INFO] [parameter_bridge-1]: process started with pid [498]
[INFO] [gazebo-2]: process started with pid [499]
[INFO] [python3-3]: process started with pid [500]
[INFO] [parameter_bridge-4]: process started with pid [501]
[INFO] [rgbd_sensor_adapter-5]: process started with pid [502]
[parameter_bridge-1] [INFO] [1788603762.920659754] [clock_bridge]: Creating GZ->ROS Bridge: [/clock (gz.msgs.Clock) -> /clock (rosgraph_msgs/msg/Clock)] (Lazy 0)
[python3-3] Prepared Gazebo model at /tmp/cs625_active_perception_gazebo_model.urdf (removed 8 mesh visual elements).
[INFO] [python3-3]: process has finished cleanly [pid 500]
[INFO] [create-6]: process started with pid [553]
[create-6] [INFO] [1788603763.240024241] [cs625_spawn_robot]: Requesting list of world names.
[gazebo-2] [1;33m[Wrn] [SystemLoader.cc:75] [0m[1;33mTrying to load deprecated plugin [[0m[1;33mignition-gazebo-physics-system[0m[1;33m]. Using [[0m[1;33mgz-sim-physics-system[0m[1;33m] instead.[0m[1;33m[0m
[rgbd_sensor_adapter-5] [INFO] [1788603763.395980013] [cs625_sensor_adapter]: RGB-D adapter configured for streams: color, depth, camera_info, points
[gazebo-2] [1;33m[Wrn] [SystemLoader.cc:75] [0m[1;33mTrying to load deprecated plugin [[0m[1;33mignition-gazebo-sensors-system[0m[1;33m]. Using [[0m[1;33mgz-sim-sensors-system[0m[1;33m] instead.[0m[1;33m[0m
[gazebo-2] [1;33m[Wrn] [SystemLoader.cc:75] [0m[1;33mTrying to load deprecated plugin [[0m[1;33mignition-gazebo-user-commands-system[0m[1;33m]. Using [[0m[1;33mgz-sim-user-commands-system[0m[1;33m] instead.[0m[1;33m[0m
[gazebo-2] [1;32m[Msg] [0m[1;32mGazebo Sim Server v[0m[1;32m8.11.0[0m[1;32m[0m
[gazebo-2] [1;32m[Msg] [0m[1;32mLoading SDF world file[[0m[1;32m/tmp/p7_5_r10_p7_ycb_tomato_occlusion_severe_v5.sdf[0m[1;32m].[0m
[gazebo-2] [1;32m[Msg] [0m[1;32mServing entity system service on [[0m[1;32m/[0m[1;32mentity/system/add[0m[1;32m][0m[1;32m[0m
[gazebo-2] [1;36m[Dbg] [Physics.cc:906] [0m[1;36mLoaded [[0m[1;36mgz::physics::dartsim::Plugin[0m[1;36m] from library [[0m[1;36m/opt/ros/jazzy/opt/gz_physics_vendor/lib/gz-physics-7/engine-plugins/libgz-physics-dartsim-plugin.so[0m[1;36m][0m[1;36m[0m
[gazebo-2] [1;36m[Dbg] [SystemManager.cc:80] [0m[1;36mLoaded system [[0m[1;36mgz::sim::systems::Physics[0m[1;36m] for entity [[0m[1;36m1[0m[1;36m][0m[1;36m[0m
[gazebo-2] [1;36m[Dbg] [Sensors.cc:697] [0m[1;36mConfiguring Sensors system[0m[1;36m[0m
[gazebo-2] [1;36m[Dbg] [Sensors.cc:557] [0m[1;36mSensorsPrivate::Run[0m[1;36m[0m
[gazebo-2] [1;36m[Dbg] [SystemManager.cc:80] [0m[1;36mLoaded system [[0m[1;36mgz::sim::systems::Sensors[0m[1;36m] for entity [[0m[1;36m1[0m[1;36m][0m[1;36m[0m
[gazebo-2] [1;36m[Dbg] [Sensors.cc:532] [0m[1;36mSensorsPrivate::RenderThread started[0m[1;36m[0m
[gazebo-2] [1;36m[Dbg] [Sensors.cc:337] [0m[1;36mWaiting for init[0m[1;36m[0m
[gazebo-2] [1;32m[Msg] [0m[1;32mCreate[0m[1;32m service on [[0m[1;32m/world/p7_ycb_tomato_occlusion_severe_v5/create_multiple[0m[1;32m] (async)[0m[1;32m[0m
[gazebo-2] [1;32m[Msg] [0m[1;32mCreate[0m[1;32m service on [[0m[1;32m/world/p7_ycb_tomato_occlusion_severe_v5/create_multiple/blocking[0m[1;32m] (blocking)[0m[1;32m[0m
[gazebo-2] [1;32m[Msg] [0m[1;32mRemove[0m[1;32m service on [[0m[1;32m/world/p7_ycb_tomato_occlusion_severe_v5/remove[0m[1;32m] (async)[0m[1;32m[0m
[gazebo-2] [1;32m[Msg] [0m[1;32mRemove[0m[1;32m service on [[0m[1;32m/world/p7_ycb_tomato_occlusion_severe_v5/remove/blocking[0m[1;32m] (blocking)[0m[1;32m[0m
[gazebo-2] [1;32m[Msg] [0m[1;32mPose[0m[1;32m service on [[0m[1;32m/world/p7_ycb_tomato_occlusion_severe_v5/set_pose[0m[1;32m] (async)[0m[1;32m[0m
[gazebo-2] [1;32m[Msg] [0m[1;32mPose[0m[1;32m service on [[0m[1;32m/world/p7_ycb_tomato_occlusion_severe_v5/set_pose/blocking[0m[1;32m] (blocking)[0m[1;32m[0m
[gazebo-2] [1;32m[Msg] [0m[1;32mPose[0m[1;32m service on [[0m[1;32m/world/p7_ycb_tomato_occlusion_severe_v5/set_pose_vector[0m[1;32m] (async)[0m[1;32m[0m
[gazebo-2] [1;32m[Msg] [0m[1;32mPose[0m[1;32m service on [[0m[1;32m/world/p7_ycb_tomato_occlusion_severe_v5/set_pose_vector/blocking[0m[1;32m] (blocking)[0m[1;32m[0m
[gazebo-2] [1;32m[Msg] [0m[1;32mLight configuration[0m[1;32m service on [[0m[1;32m/world/p7_ycb_tomato_occlusion_severe_v5/light_config[0m[1;32m] (async)[0m[1;32m[0m
[gazebo-2] [1;32m[Msg] [0m[1;32mLight configuration[0m[1;32m service on [[0m[1;32m/world/p7_ycb_tomato_occlusion_severe_v5/light_config/blocking[0m[1;32m] (blocking)[0m[1;32m[0m
[gazebo-2] [1;32m[Msg] [0m[1;32mPhysics[0m[1;32m service on [[0m[1;32m/world/p7_ycb_tomato_occlusion_severe_v5/set_physics[0m[1;32m] (async)[0m[1;32m[0m
[gazebo-2] [1;32m[Msg] [0m[1;32mPhysics[0m[1;32m service on [[0m[1;32m/world/p7_ycb_tomato_occlusion_severe_v5/set_physics/blocking[0m[1;32m] (blocking)[0m[1;32m[0m
[gazebo-2] [1;32m[Msg] [0m[1;32mSphericalCoordinates[0m[1;32m service on [[0m[1;32m/world/p7_ycb_tomato_occlusion_severe_v5/set_spherical_coordinates[0m[1;32m] (async)[0m[1;32m[0m
[gazebo-2] [1;32m[Msg] [0m[1;32mSphericalCoordinates[0m[1;32m service on [[0m[1;32m/world/p7_ycb_tomato_occlusion_severe_v5/set_spherical_coordinates/blocking[0m[1;32m] (blocking)[0m[1;32m[0m
[gazebo-2] [1;32m[Msg] [0m[1;32mEnable collision[0m[1;32m service on [[0m[1;32m/world/p7_ycb_tomato_occlusion_severe_v5/enable_collision[0m[1;32m] (async)[0m[1;32m[0m
[gazebo-2] [1;32m[Msg] [0m[1;32mEnable collision[0m[1;32m service on [[0m[1;32m/world/p7_ycb_tomato_occlusion_severe_v5/enable_collision/blocking[0m[1;32m] (blocking)[0m[1;32m[0m
[gazebo-2] [1;32m[Msg] [0m[1;32mDisable collision[0m[1;32m service on [[0m[1;32m/world/p7_ycb_tomato_occlusion_severe_v5/disable_collision[0m[1;32m] (async)[0m[1;32m[0m
[gazebo-2] [1;33m[Wrn] [SystemLoader.cc:75] [0m[1;33mTrying to load deprecated plugin [[0m[1;33mignition-gazebo-scene-broadcaster-system[0m[1;33m]. Using [[0m[1;33mgz-sim-scene-broadcaster-system[0m[1;33m] instead.[0m[1;33m[0m
[create-6] [INFO] [1788603763.685785104] [cs625_spawn_robot]: Entity creation successful.
[INFO] [create-6]: process has finished cleanly [pid 553]
[parameter_bridge-4] [INFO] [1788603763.925741295] [cs625_sim_sensor_bridge]: Creating GZ->ROS Bridge: [/camera/image (gz.msgs.Image) -> /sim/camera/image (sensor_msgs/msg/Image)] (Lazy 0)
[parameter_bridge-4] [INFO] [1788603763.934023325] [cs625_sim_sensor_bridge]: Creating GZ->ROS Bridge: [/camera/depth_image (gz.msgs.Image) -> /sim/camera/depth_image (sensor_msgs/msg/Image)] (Lazy 0)
[parameter_bridge-4] [INFO] [1788603763.935147707] [cs625_sim_sensor_bridge]: Creating GZ->ROS Bridge: [/camera/camera_info (gz.msgs.CameraInfo) -> /sim/camera/camera_info (sensor_msgs/msg/CameraInfo)] (Lazy 0)
[parameter_bridge-4] [INFO] [1788603763.936600699] [cs625_sim_sensor_bridge]: Creating GZ->ROS Bridge: [/camera/points (gz.msgs.PointCloudPacked) -> /sim/camera/points (sensor_msgs/msg/PointCloud2)] (Lazy 0)
[gazebo-2] [INFO] [1788603765.423988484] [gz_ros_control]: [gz_ros2_control] Fixed joint ['base_joint'] (Entity='48') is skipped.
[gazebo-2] [INFO] [1788603765.427805440] [gz_ros_control]: Loading controller_manager
[gazebo-2] [INFO] [1788603765.463162301] [controller_manager]: Using ROS clock for triggering controller manager cycles.
[gazebo-2] [INFO] [1788603765.471661917] [controller_manager]: Subscribing to '/robot_description' topic for robot description.
[gazebo-2] [WARN] [1788603765.477043939] [gz_ros_control]: Waiting RM to load and initialize hardware...
[gazebo-2] [WARN] [1788603766.471085722] [controller_manager]: Waiting for data on 'robot_description' topic to finish initialization
[gazebo-2] [WARN] [1788603767.471097680] [controller_manager]: Waiting for data on 'robot_description' topic to finish initialization
[gazebo-2] [WARN] [1788603767.477159978] [gz_ros_control]: Waiting RM to load and initialize hardware...
[gazebo-2] [WARN] [1788603768.471035787] [controller_manager]: Waiting for data on 'robot_description' topic to finish initialization
[gazebo-2] [WARN] [1788603769.471026618] [controller_manager]: Waiting for data on 'robot_description' topic to finish initialization
[gazebo-2] [WARN] [1788603769.477303504] [gz_ros_control]: Waiting RM to load and initialize hardware...
[gazebo-2] [1;32m[Msg] [0m[1;32mDisable collision[0m[1;32m service on [[0m[1;32m/world/p7_ycb_tomato_occlusion_severe_v5/disable_collision/blocking[0m[1;32m] (blocking)[0m[1;32m[0m
[gazebo-2] [1;32m[Msg] [0m[1;32mMaterial[0m[1;32m service on [[0m[1;32m/world/p7_ycb_tomato_occlusion_severe_v5/visual_config[0m[1;32m] (async)[0m[1;32m[0m
[gazebo-2] [1;32m[Msg] [0m[1;32mMaterial[0m[1;32m service on [[0m[1;32m/world/p7_ycb_tomato_occlusion_severe_v5/visual_config/blocking[0m[1;32m] (blocking)[0m[1;32m[0m
[gazebo-2] [1;32m[Msg] [0m[1;32mMaterial[0m[1;32m service on [[0m[1;32m/world/p7_ycb_tomato_occlusion_severe_v5/wheel_slip[0m[1;32m] (async)[0m[1;32m[0m
[gazebo-2] [1;32m[Msg] [0m[1;32mMaterial[0m[1;32m service on [[0m[1;32m/world/p7_ycb_tomato_occlusion_severe_v5/wheel_slip/blocking[0m[1;32m] (blocking)[0m[1;32m[0m
[gazebo-2] [1;36m[Dbg] [SystemManager.cc:80] [0m[1;36mLoaded system [[0m[1;36mgz::sim::systems::UserCommands[0m[1;36m] for entity [[0m[1;36m1[0m[1;36m][0m[1;36m[0m
[gazebo-2] [1;36m[Dbg] [SystemManager.cc:80] [0m[1;36mLoaded system [[0m[1;36mgz::sim::systems::SceneBroadcaster[0m[1;36m] for entity [[0m[1;36m1[0m[1;36m][0m[1;36m[0m
[gazebo-2] [1;36m[Dbg] [SystemManager.cc:80] [0m[1;36mLoaded system [[0m[1;36mgz::sim::systems::Contact[0m[1;36m] for entity [[0m[1;36m1[0m[1;36m][0m[1;36m[0m
[gazebo-2] [1;32m[Msg] [0m[1;32mLoaded level [[0m[1;32mdefault[0m[1;32m][0m[1;32m[0m
[gazebo-2] [1;32m[Msg] [0m[1;32mServing world controls on [[0m[1;32m/world/p7_ycb_tomato_occlusion_severe_v5[0m[1;32m/control], [[0m[1;32m/world/p7_ycb_tomato_occlusion_severe_v5[0m[1;32m/control/state] and [[0m[1;32m/world/p7_ycb_tomato_occlusion_severe_v5[0m[1;32m/playback/control][0m[1;32m[0m
[gazebo-2] [1;32m[Msg] [0m[1;32mServing GUI information on [[0m[1;32m/world/p7_ycb_tomato_occlusion_severe_v5[0m[1;32m/[0m[1;32mgui/info[0m[1;32m][0m[1;32m[0m
[gazebo-2] [1;32m[Msg] [0m[1;32mWorld [[0m[1;32mp7_ycb_tomato_occlusion_severe_v5[0m[1;32m] initialized with [[0m[1;32mp7_physics[0m[1;32m] physics profile.[0m[1;32m[0m
[gazebo-2] [1;32m[Msg] [0m[1;32mServing world SDF generation service on [[0m[1;32m/world/p7_ycb_tomato_occlusion_severe_v5[0m[1;32m/[0m[1;32mgenerate_world_sdf[0m[1;32m][0m[1;32m[0m
[gazebo-2] [1;32m[Msg] [0m[1;32mServing world names on [[0m[1;32m/gazebo/worlds[0m[1;32m][0m[1;32m[0m
[gazebo-2] [1;32m[Msg] [0m[1;32mResource path add service on [[0m[1;32m/gazebo/resource_paths/add[0m[1;32m].[0m[1;32m[0m
[gazebo-2] [1;32m[Msg] [0m[1;32mResource path get service on [[0m[1;32m/gazebo/resource_paths/get[0m[1;32m].[0m[1;32m[0m
[gazebo-2] [1;32m[Msg] [0m[1;32mResource path resolve service on [[0m[1;32m/gazebo/resource_paths/resolve[0m[1;32m].[0m[1;32m[0m
[gazebo-2] [1;32m[Msg] [0m[1;32mResource paths published on [[0m[1;32m/gazebo/resource_paths[0m[1;32m].[0m[1;32m[0m
[gazebo-2] [1;32m[Msg] [0m[1;32mServer control service on [[0m[1;32m/server_control[0m[1;32m].[0m[1;32m[0m
[gazebo-2] [1;32m[Msg] [0m[1;32mFound no publishers on /stats, adding root stats topic[0m[1;32m[0m
[gazebo-2] [1;32m[Msg] [0m[1;32mFound no publishers on /clock, adding root clock topic[0m[1;32m[0m
[gazebo-2] [1;36m[Dbg] [SimulationRunner.cc:551] [0m[1;36mCreating PostUpdate worker threads: [0m[1;36m4[0m[1;36m[0m
[gazebo-2] [1;36m[Dbg] [SimulationRunner.cc:562] [0m[1;36mCreating postupdate worker thread ([0m[1;36m0[0m[1;36m)[0m[1;36m[0m
[gazebo-2] [1;36m[Dbg] [SimulationRunner.cc:562] [0m[1;36mCreating postupdate worker thread ([0m[1;36m1[0m[1;36m)[0m[1;36m[0m
[gazebo-2] [1;36m[Dbg] [SimulationRunner.cc:562] [0m[1;36mCreating postupdate worker thread ([0m[1;36m2[0m[1;36m)[0m[1;36m[0m
[gazebo-2] [WARN] [1788603770.471028061] [controller_manager]: Waiting for data on 'robot_description' topic to finish initialization
[INFO] [robot_state_publisher-7]: process started with pid [697]
[robot_state_publisher-7] [INFO] [1788603770.883247243] [robot_state_publisher]: Robot initialized
[gazebo-2] [INFO] [1788603771.431971278] [controller_manager]: Received robot description from topic.
[gazebo-2] [INFO] [1788603771.432051035] [controller_manager]: Enforcing command limits is disabled. Command limits from URDF will be ignored.
[gazebo-2] [INFO] [1788603771.438011483] [gz_ros_control]: The position_proportional_gain has been set to: 0.5
[gazebo-2] [INFO] [1788603771.438099826] [gz_ros_control]: Loading joint: shoulder_pan_joint
[gazebo-2] [INFO] [1788603771.438108110] [gz_ros_control]: 	State:
[gazebo-2] [INFO] [1788603771.438114722] [gz_ros_control]: 		 position
[gazebo-2] [INFO] [1788603771.438131821] [gz_ros_control]: 			 found initial value: 0.000000
[gazebo-2] [INFO] [1788603771.438141889] [gz_ros_control]: 		 velocity
[gazebo-2] [INFO] [1788603771.438149702] [gz_ros_control]: 		 effort
[gazebo-2] [INFO] [1788603771.438154250] [gz_ros_control]: 	Command:
[gazebo-2] [INFO] [1788603771.438158097] [gz_ros_control]: 		 position
[gazebo-2] [INFO] [1788603771.438167413] [gz_ros_control]: 		 velocity
[gazebo-2] [INFO] [1788603771.438177430] [gz_ros_control]: Loading joint: shoulder_lift_joint
[gazebo-2] [INFO] [1788603771.438181607] [gz_ros_control]: 	State:
[gazebo-2] [INFO] [1788603771.438185214] [gz_ros_control]: 		 position
[gazebo-2] [INFO] [1788603771.438188990] [gz_ros_control]: 			 found initial value: -0.350000
[gazebo-2] [INFO] [1788603771.438196643] [gz_ros_control]: 		 velocity
[gazebo-2] [INFO] [1788603771.438201782] [gz_ros_control]: 		 effort
[gazebo-2] [INFO] [1788603771.438205569] [gz_ros_control]: 	Command:
[gazebo-2] [INFO] [1788603771.438209015] [gz_ros_control]: 		 position
[gazebo-2] [INFO] [1788603771.438215005] [gz_ros_control]: 		 velocity
[gazebo-2] [INFO] [1788603771.438222959] [gz_ros_control]: Loading joint: elbow_joint
[gazebo-2] [INFO] [1788603771.438227316] [gz_ros_control]: 	State:
[gazebo-2] [INFO] [1788603771.438230873] [gz_ros_control]: 		 position
[gazebo-2] [INFO] [1788603771.438234349] [gz_ros_control]: 			 found initial value: 0.000000
[gazebo-2] [INFO] [1788603771.438238496] [gz_ros_control]: 		 velocity
[gazebo-2] [INFO] [1788603771.438242022] [gz_ros_control]: 		 effort
[gazebo-2] [INFO] [1788603771.438246349] [gz_ros_control]: 	Command:
[gazebo-2] [INFO] [1788603771.438249825] [gz_ros_control]: 		 position
[gazebo-2] [INFO] [1788603771.438255685] [gz_ros_control]: 		 velocity
[gazebo-2] [INFO] [1788603771.438263309] [gz_ros_control]: Loading joint: wrist_1_joint
[gazebo-2] [INFO] [1788603771.438267346] [gz_ros_control]: 	State:
[gazebo-2] [INFO] [1788603771.438270872] [gz_ros_control]: 		 position
[gazebo-2] [INFO] [1788603771.438274368] [gz_ros_control]: 			 found initial value: 0.050000
[gazebo-2] [INFO] [1788603771.438278565] [gz_ros_control]: 		 velocity
[gazebo-2] [INFO] [1788603771.438282101] [gz_ros_control]: 		 effort
[gazebo-2] [INFO] [1788603771.438285647] [gz_ros_control]: 	Command:
[gazebo-2] [INFO] [1788603771.438289273] [gz_ros_control]: 		 position
[gazebo-2] [INFO] [1788603771.438294202] [gz_ros_control]: 		 velocity
[gazebo-2] [INFO] [1788603771.438301495] [gz_ros_control]: Loading joint: wrist_2_joint
[gazebo-2] [INFO] [1788603771.438305351] [gz_ros_control]: 	State:
[gazebo-2] [INFO] [1788603771.438308937] [gz_ros_control]: 		 position
[gazebo-2] [INFO] [1788603771.438312313] [gz_ros_control]: 			 found initial value: 0.000000
[gazebo-2] [INFO] [1788603771.438316110] [gz_ros_control]: 		 velocity
[gazebo-2] [INFO] [1788603771.438319926] [gz_ros_control]: 		 effort
[gazebo-2] [INFO] [1788603771.438323472] [gz_ros_control]: 	Command:
[gazebo-2] [INFO] [1788603771.438326878] [gz_ros_control]: 		 position
[gazebo-2] [INFO] [1788603771.438332899] [gz_ros_control]: 		 velocity
[gazebo-2] [INFO] [1788603771.438340001] [gz_ros_control]: Loading joint: wrist_3_joint
[gazebo-2] [INFO] [1788603771.438343878] [gz_ros_control]: 	State:
[gazebo-2] [INFO] [1788603771.438350229] [gz_ros_control]: 		 position
[gazebo-2] [INFO] [1788603771.438353865] [gz_ros_control]: 			 found initial value: 0.000000
[gazebo-2] [INFO] [1788603771.438357852] [gz_ros_control]: 		 velocity
[gazebo-2] [INFO] [1788603771.438362470] [gz_ros_control]: 		 effort
[gazebo-2] [INFO] [1788603771.438366136] [gz_ros_control]: 	Command:
[gazebo-2] [INFO] [1788603771.438369532] [gz_ros_control]: 		 position
[gazebo-2] [INFO] [1788603771.438374611] [gz_ros_control]: 		 velocity
[gazebo-2] [INFO] [1788603771.438481976] [controller_manager]: Initialize hardware 'cs' 
[gazebo-2] [WARN] [1788603771.438499897] [controller_manager.hardware_component.system.cs]: Executor is not available during hardware component initialization for 'cs'. Skipping node creation!
[gazebo-2] [INFO] [1788603771.438588641] [controller_manager]: Successful initialization of hardware 'cs'
[gazebo-2] [INFO] [1788603771.438717463] [gz_ros_control]: The position_proportional_gain has been set to: 0.5
[gazebo-2] [INFO] [1788603771.438731007] [gz_ros_control]: Loading joint: gripper_right_finger_joint
[gazebo-2] [INFO] [1788603771.438735985] [gz_ros_control]: 	State:
[gazebo-2] [INFO] [1788603771.438739982] [gz_ros_control]: 		 position
[gazebo-2] [INFO] [1788603771.438743999] [gz_ros_control]: 			 found initial value: 0.030000
[gazebo-2] [INFO] [1788603771.438748607] [gz_ros_control]: 		 velocity
[gazebo-2] [INFO] [1788603771.438753005] [gz_ros_control]: 		 effort
[gazebo-2] [INFO] [1788603771.438756961] [gz_ros_control]: 	Command:
[gazebo-2] [INFO] [1788603771.438760518] [gz_ros_control]: 		 position
[gazebo-2] [INFO] [1788603771.438771767] [gz_ros_control]: Loading joint: gripper_left_finger_joint
[gazebo-2] [INFO] [1788603771.438776966] [gz_ros_control]: Joint 'gripper_left_finger_joint'is mimicking joint 'gripper_right_finger_joint' with multiplier: 1 and offset: 0
[gazebo-2] [INFO] [1788603771.438781624] [gz_ros_control]: 	State:
[gazebo-2] [INFO] [1788603771.438785110] [gz_ros_control]: 		 position
[gazebo-2] [INFO] [1788603771.438788887] [gz_ros_control]: 		 velocity
[gazebo-2] [INFO] [1788603771.438792964] [gz_ros_control]: 		 effort
[gazebo-2] [INFO] [1788603771.438796560] [gz_ros_control]: 	Command:
[gazebo-2] [INFO] [1788603771.438828034] [controller_manager]: Initialize hardware 'cs625_parallel_gripper' 
[gazebo-2] [WARN] [1788603771.438851976] [controller_manager.hardware_component.system.cs625_parallel_gripper]: Executor is not available during hardware component initialization for 'cs625_parallel_gripper'. Skipping node creation!
[gazebo-2] [INFO] [1788603771.438873292] [controller_manager]: Successful initialization of hardware 'cs625_parallel_gripper'
[gazebo-2] [INFO] [1788603771.438922538] [controller_manager]: Activating component 'cs625_parallel_gripper'.
[gazebo-2] [INFO] [1788603771.438933476] [resource_manager]: 'configure' hardware 'cs625_parallel_gripper' 
[gazebo-2] [INFO] [1788603771.438938515] [gz_ros_control]: System Successfully configured!
[gazebo-2] [INFO] [1788603771.438943113] [resource_manager]: Successful 'configure' of hardware 'cs625_parallel_gripper'
[gazebo-2] [INFO] [1788603771.438949975] [resource_manager]: 'activate' hardware 'cs625_parallel_gripper' 
[gazebo-2] [INFO] [1788603771.438965151] [resource_manager]: Successful 'activate' of hardware 'cs625_parallel_gripper'
[gazebo-2] [INFO] [1788603771.439040471] [controller_manager]: Activating component 'cs'.
[gazebo-2] [INFO] [1788603771.439045841] [resource_manager]: 'configure' hardware 'cs' 
[gazebo-2] [INFO] [1788603771.439048215] [gz_ros_control]: System Successfully configured!
[gazebo-2] [INFO] [1788603771.439055387] [resource_manager]: Successful 'configure' of hardware 'cs'
[gazebo-2] [INFO] [1788603771.439059885] [resource_manager]: 'activate' hardware 'cs' 
[gazebo-2] [INFO] [1788603771.439062760] [resource_manager]: Successful 'activate' of hardware 'cs'
[gazebo-2] [WARN] [1788603771.439082374] [controller_manager]: Component 'cs625_parallel_gripper' does not have read or write statistics initialized, skipping registration.
[gazebo-2] [WARN] [1788603771.439087603] [controller_manager]: Component 'cs' does not have read or write statistics initialized, skipping registration.
[gazebo-2] [INFO] [1788603771.439094404] [controller_manager]: Resource Manager has been successfully initialized. Starting Controller Manager services...
[gazebo-2] [1;31m[Err] [Physics.cc:1808] [0m[1;31mAttempting to create a mimic constraint for joint [[0m[1;31mgripper_left_finger_joint[0m[1;31m] but the chosen physics engine does not support [0m[1;31mmimic constraints, so no constraint will be [0m[1;31mcreated.[0m[1;31m[0m
[gazebo-2] [1;36m[Dbg] [SystemManager.cc:80] [0m[1;36mLoaded system [[0m[1;36mgz_ros2_control::GazeboSimROS2ControlPlugin[0m[1;36m] for entity [[0m[1;36m21[0m[1;36m][0m[1;36m[0m
[gazebo-2] [1;36m[Dbg] [DetachableJoint.cc:137] [0m[1;36mDetach topic is: [0m[1;36m/p7/attachment/detach[0m[1;36m[0m
[gazebo-2] [1;36m[Dbg] [DetachableJoint.cc:143] [0m[1;36mDetachableJoint subscribing to messages on [0m[1;36m[[0m[1;36m/p7/attachment/detach[0m[1;36m][0m[1;36m[0m
[gazebo-2] [1;36m[Dbg] [DetachableJoint.cc:160] [0m[1;36mAttach topic is: [0m[1;36m/p7/attachment/attach[0m[1;36m[0m
[gazebo-2] [1;36m[Dbg] [DetachableJoint.cc:195] [0m[1;36mOutput topic is: [0m[1;36m/p7/attachment/state[0m[1;36m[0m
[gazebo-2] [1;36m[Dbg] [SystemManager.cc:80] [0m[1;36mLoaded system [[0m[1;36mgz::sim::systems::DetachableJoint[0m[1;36m] for entity [[0m[1;36m21[0m[1;36m][0m[1;36m[0m
[gazebo-2] [1;36m[Dbg] [UserCommands.cc:1094] [0m[1;36mCreated entity [[0m[1;36m21[0m[1;36m] named [[0m[1;36mcs[0m[1;36m][0m[1;36m[0m
[gazebo-2] [1;32m[Msg] [0m[1;32mContact system publishing on [0m[1;32m/p7/contacts/ground[0m[1;32m[0m
[gazebo-2] [1;32m[Msg] [0m[1;32mContact system publishing on [0m[1;32m/p7/contacts/occluder[0m[1;32m[0m
[gazebo-2] [1;32m[Msg] [0m[1;32mContact system publishing on [0m[1;32m/p7/contacts/target[0m[1;32m[0m
[gazebo-2] [1;36m[Dbg] [SDFFeatures.cc:332] [0m[1;36mMesh construction from an SDF has not been implemented yet for [0m[1;36mdartsim. Use AttachMeshShapeFeature to use mesh shapes.[0m
[gazebo-2] [1;36m[Dbg] [SDFFeatures.cc:864] [0m[1;36mThe geometry element of collision [[0m[1;36mbase_link_inertia_collision[0m[1;36m] [0m[1;36mcouldn't be created[0m
[gazebo-2] [1;36m[Dbg] [SDFFeatures.cc:332] [0m[1;36mMesh construction from an SDF has not been implemented yet for [0m[1;36mdartsim. Use AttachMeshShapeFeature to use mesh shapes.[0m
[gazebo-2] [1;36m[Dbg] [SDFFeatures.cc:864] [0m[1;36mThe geometry element of collision [[0m[1;36mshoulder_link_collision[0m[1;36m] [0m[1;36mcouldn't be created[0m
[gazebo-2] [1;36m[Dbg] [SDFFeatures.cc:332] [0m[1;36mMesh construction from an SDF has not been implemented yet for [0m[1;36mdartsim. Use AttachMeshShapeFeature to use mesh shapes.[0m
[gazebo-2] [1;36m[Dbg] [SDFFeatures.cc:864] [0m[1;36mThe geometry element of collision [[0m[1;36mupperarm_link_collision[0m[1;36m] [0m[1;36mcouldn't be created[0m
[gazebo-2] [1;36m[Dbg] [SDFFeatures.cc:332] [0m[1;36mMesh construction from an SDF has not been implemented yet for [0m[1;36mdartsim. Use AttachMeshShapeFeature to use mesh shapes.[0m
[gazebo-2] [1;36m[Dbg] [SDFFeatures.cc:864] [0m[1;36mThe geometry element of collision [[0m[1;36mforearm_link_collision[0m[1;36m] [0m[1;36mcouldn't be created[0m
[gazebo-2] [1;36m[Dbg] [SDFFeatures.cc:332] [0m[1;36mMesh construction from an SDF has not been implemented yet for [0m[1;36mdartsim. Use AttachMeshShapeFeature to use mesh shapes.[0m
[gazebo-2] [1;36m[Dbg] [SDFFeatures.cc:864] [0m[1;36mThe geometry element of collision [[0m[1;36mwrist_1_link_collision[0m[1;36m] [0m[1;36mcouldn't be created[0m
[gazebo-2] [1;36m[Dbg] [SDFFeatures.cc:332] [0m[1;36mMesh construction from an SDF has not been implemented yet for [0m[1;36mdartsim. Use AttachMeshShapeFeature to use mesh shapes.[0m
[gazebo-2] [1;36m[Dbg] [SDFFeatures.cc:864] [0m[1;36mThe geometry element of collision [[0m[1;36mwrist_2_link_collision[0m[1;36m] [0m[1;36mcouldn't be created[0m
[gazebo-2] [1;36m[Dbg] [SDFFeatures.cc:332] [0m[1;36mMesh construction from an SDF has not been implemented yet for [0m[1;36mdartsim. Use AttachMeshShapeFeature to use mesh shapes.[0m
[gazebo-2] [1;36m[Dbg] [SDFFeatures.cc:864] [0m[1;36mThe geometry element of collision [[0m[1;36mwrist_3_link_collision[0m[1;36m] [0m[1;36mcouldn't be created[0m
[gazebo-2] [1;36m[Dbg] [SDFFeatures.cc:332] [0m[1;36mMesh construction from an SDF has not been implemented yet for [0m[1;36mdartsim. Use AttachMeshShapeFeature to use mesh shapes.[0m
[gazebo-2] [1;36m[Dbg] [SDFFeatures.cc:864] [0m[1;36mThe geometry element of collision [[0m[1;36mwrist_3_link_fixed_joint_lump__my_end_effector_link_collision_1[0m[1;36m] [0m[1;36mcouldn't be created[0m
[gazebo-2] [WARN] [1788603771.618380196] [gz_ros_control]:  Desired controller update period (0.01 s) is slower than the gazebo simulation period (0.001 s).
[INFO] [gz-8]: process started with pid [834]
[INFO] [gz-8]: process has finished cleanly [pid 834]
[gazebo-2] [1;36m[Dbg] [Sensors.cc:953] [0m[1;36mInitialization needed[0m[1;36m[0m
[gazebo-2] [1;36m[Dbg] [Sensors.cc:349] [0m[1;36mInitializing render context[0m[1;36m[0m
[gazebo-2] [1;32m[Msg] [0m[1;32mLoading plugin [[0m[1;32mgz-rendering-ogre2[0m[1;32m][0m[1;32m[0m
[gazebo-2] [1;32m[Msg] [0m[1;32mServing scene information on [[0m[1;32m/world/p7_ycb_tomato_occlusion_severe_v5[0m[1;32m/[0m[1;32mscene/info[0m[1;32m][0m[1;32m[0m
[gazebo-2] [1;32m[Msg] [0m[1;32mServing graph information on [[0m[1;32m/world/p7_ycb_tomato_occlusion_severe_v5[0m[1;32m/[0m[1;32mscene/graph[0m[1;32m][0m[1;32m[0m
[gazebo-2] [1;32m[Msg] [0m[1;32mServing full state on [[0m[1;32m/world/p7_ycb_tomato_occlusion_severe_v5[0m[1;32m/[0m[1;32mstate[0m[1;32m][0m[1;32m[0m
[gazebo-2] [1;32m[Msg] [0m[1;32mServing full state (async) on [[0m[1;32m/world/p7_ycb_tomato_occlusion_severe_v5[0m[1;32m/[0m[1;32mstate_async[0m[1;32m][0m[1;32m[0m
[gazebo-2] [1;32m[Msg] [0m[1;32mPublishing scene information on [[0m[1;32m/world/p7_ycb_tomato_occlusion_severe_v5/scene/info[0m[1;32m][0m[1;32m[0m
[gazebo-2] [1;32m[Msg] [0m[1;32mPublishing entity deletions on [[0m[1;32m/world/p7_ycb_tomato_occlusion_severe_v5/scene/deletion[0m[1;32m][0m[1;32m[0m
[gazebo-2] [1;32m[Msg] [0m[1;32mPublishing state changes on [[0m[1;32m/world/p7_ycb_tomato_occlusion_severe_v5/state[0m[1;32m][0m[1;32m[0m
[gazebo-2] [1;32m[Msg] [0m[1;32mPublishing pose messages on [[0m[1;32m/world/p7_ycb_tomato_occlusion_severe_v5[0m[1;32m/[0m[1;32mpose/info[0m[1;32m][0m[1;32m[0m
[gazebo-2] [1;32m[Msg] [0m[1;32mPublishing dynamic pose messages on [[0m[1;32m/world/p7_ycb_tomato_occlusion_severe_v5[0m[1;32m/[0m[1;32mdynamic_pose/info[0m[1;32m][0m[1;32m[0m
[gazebo-2] [1;36m[Dbg] [SimulationRunner.cc:578] [0m[1;36mExiting postupdate worker thread ([0m[1;36m0[0m[1;36m)[0m[1;36m[0m
[gazebo-2] [1;36m[Dbg] [SimulationRunner.cc:578] [0m[1;36mExiting postupdate worker thread ([0m[1;36m1[0m[1;36m)[0m[1;36m[0m
[gazebo-2] [1;36m[Dbg] [SimulationRunner.cc:578] [0m[1;36mExiting postupdate worker thread ([0m[1;36m2[0m[1;36m)[0m[1;36m[0m
[gazebo-2] [1;36m[Dbg] [SimulationRunner.cc:551] [0m[1;36mCreating PostUpdate worker threads: [0m[1;36m5[0m[1;36m[0m
[gazebo-2] [1;36m[Dbg] [SimulationRunner.cc:562] [0m[1;36mCreating postupdate worker thread ([0m[1;36m0[0m[1;36m)[0m[1;36m[0m
[gazebo-2] [1;36m[Dbg] [SimulationRunner.cc:562] [0m[1;36mCreating postupdate worker thread ([0m[1;36m1[0m[1;36m)[0m[1;36m[0m
[gazebo-2] [1;36m[Dbg] [SimulationRunner.cc:562] [0m[1;36mCreating postupdate worker thread ([0m[1;36m2[0m[1;36m)[0m[1;36m[0m
[gazebo-2] [1;36m[Dbg] [SimulationRunner.cc:562] [0m[1;36mCreating postupdate worker thread ([0m[1;36m3[0m[1;36m)[0m[1;36m[0m
[gazebo-2] [1;36m[Dbg] [DetachableJoint.cc:343] [0m[1;36mAttaching entity: [0m[1;36m57[0m[1;36m[0m
[gazebo-2] [1;36m[Dbg] [Physics.cc:1946] [0m[1;36mCreating detachable joint [[0m[1;36m57[0m[1;36m][0m[1;36m[0m
[gazebo-2] [1;36m[Dbg] [RenderUtil.cc:2646] [0m[1;36mCreate scene [[0m[1;36mscene[0m[1;36m][0m[1;36m[0m
[gazebo-2] [1;36m[Dbg] [Sensors.cc:391] [0m[1;36mRendering Thread initialized[0m[1;36m[0m
[gazebo-2] [1;36m[Dbg] [Sensors.cc:953] [0m[1;36mInitialization needed[0m[1;36m[0m
[gazebo-2] [1;36m[Dbg] [RgbdCameraSensor.cc:210] [0m[1;36mRGB images for [[0m[1;36mcs::wrist_3_link::camera_sensor[0m[1;36m] advertised on [[0m[1;36m/camera[0m[1;36m/image][0m[1;36m[0m
[gazebo-2] [1;36m[Dbg] [RgbdCameraSensor.cc:224] [0m[1;36mDepth images for [[0m[1;36mcs::wrist_3_link::camera_sensor[0m[1;36m] advertised on [[0m[1;36m/camera[0m[1;36m/depth_image][0m[1;36m[0m
[gazebo-2] [1;36m[Dbg] [RgbdCameraSensor.cc:238] [0m[1;36mPoints for [[0m[1;36mcs::wrist_3_link::camera_sensor[0m[1;36m] advertised on [[0m[1;36m/camera[0m[1;36m/points][0m[1;36m[0m
[gazebo-2] [1;36m[Dbg] [CameraSensor.cc:695] [0m[1;36mCamera info for [[0m[1;36mcs::wrist_3_link::camera_sensor[0m[1;36m] advertised on [[0m[1;36m/camera/camera_info[0m[1;36m][0m[1;36m[0m
[gazebo-2] [1;36m[Dbg] [DetachableJoint.cc:360] [0m[1;36mRemoving entity: [0m[1;36m57[0m[1;36m[0m
[gazebo-2] [1;36m[Dbg] [Physics.cc:2101] [0m[1;36mDetaching joint [[0m[1;36m57[0m[1;36m][0m[1;36m[0m
[INFO] [spawner-9]: process started with pid [861]
[spawner-9] [INFO] [1788603776.393798602] [spawner_joint_state_broadcaster]: waiting for service /controller_manager/list_controllers to become available...
[gazebo-2] [INFO] [1788603776.647185673] [controller_manager]: Loading controller : 'joint_state_broadcaster' of type 'joint_state_broadcaster/JointStateBroadcaster'
[gazebo-2] [INFO] [1788603776.647273158] [controller_manager]: Loading controller 'joint_state_broadcaster'
[gazebo-2] [INFO] [1788603776.659175936] [controller_manager]: Controller 'joint_state_broadcaster' node arguments: --ros-args --params-file /home/oy/cs625_p56_install/share/cs625_bringup/config/sim_controllers.yaml -p use_sim_time:=true --param use_sim_time:=true 
[spawner-9] [INFO] [1788603776.700716161] [spawner_joint_state_broadcaster]: Loaded joint_state_broadcaster
[gazebo-2] [INFO] [1788603776.702838819] [controller_manager]: Configuring controller: 'joint_state_broadcaster'
[gazebo-2] [INFO] [1788603776.703198087] [joint_state_broadcaster]: 'joints' or 'interfaces' parameter is empty. All available state interfaces will be published
[gazebo-2] [INFO] [1788603776.753041901] [controller_manager]: Activating controllers: [ joint_state_broadcaster ]
[gazebo-2] [INFO] [1788603776.759228212] [controller_manager]: Successfully switched controllers!
[spawner-9] [INFO] [1788603776.771109596] [spawner_joint_state_broadcaster]: Configured and activated joint_state_broadcaster
[INFO] [spawner-9]: process has finished cleanly [pid 861]
[INFO] [spawner-10]: process started with pid [884]
[INFO] [spawner-11]: process started with pid [885]
[spawner-11] [INFO] [1788603777.772214139] [spawner_gripper_controller]: waiting for service /controller_manager/list_controllers to become available...
[gazebo-2] [INFO] [1788603777.778043762] [controller_manager]: Loading controller : 'gripper_controller' of type 'forward_command_controller/ForwardCommandController'
[gazebo-2] [INFO] [1788603777.778126399] [controller_manager]: Loading controller 'gripper_controller'
[gazebo-2] [INFO] [1788603777.785372297] [controller_manager]: Controller 'gripper_controller' node arguments: --ros-args --params-file /home/oy/cs625_p56_install/share/cs625_bringup/config/sim_controllers.yaml -p use_sim_time:=true --param use_sim_time:=true 
[spawner-11] [INFO] [1788603777.827534969] [spawner_gripper_controller]: Loaded gripper_controller
[gazebo-2] [INFO] [1788603777.975191795] [controller_manager]: Configuring controller: 'gripper_controller'
[gazebo-2] [INFO] [1788603777.976915468] [gripper_controller]: configure successful
[gazebo-2] [INFO] [1788603777.983735969] [controller_manager]: Activating controllers: [ gripper_controller ]
[gazebo-2] [INFO] [1788603777.992209585] [gripper_controller]: activate successful
[gazebo-2] [INFO] [1788603777.992403661] [controller_manager]: Successfully switched controllers!
[spawner-11] [INFO] [1788603778.008594733] [spawner_gripper_controller]: Configured and activated gripper_controller
[spawner-10] [INFO] [1788603778.210006232] [spawner_joint_trajectory_controller]: waiting for service /controller_manager/list_controllers to become available...
[INFO] [spawner-11]: process has finished cleanly [pid 885]
[gazebo-2] [INFO] [1788603778.465517083] [controller_manager]: Loading controller : 'joint_trajectory_controller' of type 'joint_trajectory_controller/JointTrajectoryController'
[gazebo-2] [INFO] [1788603778.465643098] [controller_manager]: Loading controller 'joint_trajectory_controller'
[gazebo-2] [INFO] [1788603778.476331081] [controller_manager]: Controller 'joint_trajectory_controller' node arguments: --ros-args --params-file /home/oy/cs625_p56_install/share/cs625_bringup/config/sim_controllers.yaml -p use_sim_time:=true --param use_sim_time:=true 
[spawner-10] [INFO] [1788603778.521261379] [spawner_joint_trajectory_controller]: Loaded joint_trajectory_controller
[gazebo-2] [INFO] [1788603778.522717535] [controller_manager]: Configuring controller: 'joint_trajectory_controller'
[gazebo-2] [INFO] [1788603778.523049229] [joint_trajectory_controller]: No specific joint names are used for command interfaces. Using 'joints' parameter.
[gazebo-2] [INFO] [1788603778.523203235] [joint_trajectory_controller]: Command interfaces are [position] and state interfaces are [position velocity].
[gazebo-2] [INFO] [1788603778.523254136] [joint_trajectory_controller]: Using 'splines' interpolation method.
[gazebo-2] [INFO] [1788603778.528946926] [joint_trajectory_controller]: Action status changes will be monitored at 20.00 Hz.
[gazebo-2] [INFO] [1788603778.541581493] [joint_trajectory_controller]: Setting initial scaling factor to 1.000000
[gazebo-2] [INFO] [1788603778.541644166] [joint_trajectory_controller]: No scaling interface set. This controller will not read speed scaling from the hardware.
[gazebo-2] [INFO] [1788603778.554106895] [controller_manager]: Activating controllers: [ joint_trajectory_controller ]
[gazebo-2] [INFO] [1788603778.565303237] [controller_manager]: Successfully switched controllers!
[spawner-10] [INFO] [1788603778.578580253] [spawner_joint_trajectory_controller]: Configured and activated joint_trajectory_controller
[INFO] [spawner-10]: process has finished cleanly [pid 884]
[INFO] [launch]: All log files can be found below /home/oy/.ros/log/2026-09-05-18-23-01-421606-OY-952
[INFO] [launch]: Default logging verbosity is set to INFO
[INFO] [move_group-1]: process started with pid [961]
[move_group-1] [WARN] [1788603782.004086761] [rcl.logging_rosout]: Publisher already registered for node name: 'move_group'. If this is due to multiple nodes with the same name then all logs for the logger named 'move_group' will go out over the existing publisher. As soon as any node with that name is destructed it will unregister the publisher, preventing any further logs for that name from being published on the rosout topic.
[move_group-1] [INFO] [1788603782.022347021] [move_group.move_group.moveit.ros.rdf_loader]: Loaded robot model in 0 seconds
[move_group-1] [INFO] [1788603782.022532237] [move_group.move_group.moveit.core.robot_model]: Loading robot model 'cs625'...
[gazebo-2] [INFO] [1788603782.115464950] [controller_manager]: Received robot description from topic.
[gazebo-2] [WARN] [1788603782.115557648] [controller_manager]: ResourceManager has already loaded a urdf. Ignoring attempt to reload a robot description.
[move_group-1] [INFO] [1788603782.125392397] [move_group.move_group.moveit.kinematics.kdl_kinematics_plugin]: Joint weights for group 'cs625_arm': 1 1 1 1 1 1
[move_group-1] [INFO] [1788603782.574874698] [move_group.move_group.moveit.ros.planning_scene_monitor]: Publishing maintained planning scene on 'monitored_planning_scene'
[move_group-1] [INFO] [1788603782.575208854] [move_group.move_group.moveit.ros.moveit_cpp]: Listening to 'joint_states' for joint states
[move_group-1] [INFO] [1788603782.580162304] [move_group.move_group.moveit.ros.current_state_monitor]: Listening to joint states on topic 'joint_states'
[move_group-1] [INFO] [1788603782.583237959] [move_group.move_group.moveit.ros.planning_scene_monitor]: Listening to '/attached_collision_object' for attached collision objects
[move_group-1] [INFO] [1788603782.583293420] [move_group.move_group.moveit.ros.planning_scene_monitor]: Stopping existing planning scene publisher.
[move_group-1] [INFO] [1788603782.583499621] [move_group.move_group.moveit.ros.planning_scene_monitor]: Stopped publishing maintained planning scene.
[move_group-1] [INFO] [1788603782.584425952] [move_group.move_group.moveit.ros.planning_scene_monitor]: Publishing maintained planning scene on 'monitored_planning_scene'
[move_group-1] [INFO] [1788603782.584587515] [move_group.move_group.moveit.ros.planning_scene_monitor]: Starting planning scene monitor
[move_group-1] [INFO] [1788603782.585555532] [move_group.move_group.moveit.ros.planning_scene_monitor]: Listening to '/planning_scene'
[move_group-1] [INFO] [1788603782.585580597] [move_group.move_group.moveit.ros.planning_scene_monitor]: Starting world geometry update monitor for collision objects, attached objects, octomap updates.
[move_group-1] [INFO] [1788603782.587107107] [move_group.move_group.moveit.ros.planning_scene_monitor]: Listening to 'collision_object'
[move_group-1] [INFO] [1788603782.588249611] [move_group.move_group.moveit.ros.planning_scene_monitor]: Listening to 'planning_scene_world' for planning scene world geometry
[move_group-1] [ERROR] [1788603782.588765678] [move_group.move_group.moveit.ros.occupancy_map_monitor]: Exception while loading octomap updater 'occupancy_map_monitor/PointCloudOctomapUpdater': According to the loaded plugin descriptions the class occupancy_map_monitor/PointCloudOctomapUpdater with base class type occupancy_map_monitor::OccupancyMapUpdater does not exist. Declared types are 
[move_group-1] 
[move_group-1] [ERROR] [1788603782.588846134] [move_group.move_group.moveit.ros.occupancy_map_monitor]: Failed to load sensor: `point_cloud_sensor` of type: `occupancy_map_monitor/PointCloudOctomapUpdater`
[move_group-1] [INFO] [1788603782.703586776] [move_group.move_group.moveit.ros.planning_pipeline]: Successfully loaded planner 'STOMP'
[move_group-1] [INFO] [1788603782.705451089] [move_group]: Try loading adapter 'default_planning_request_adapters/ResolveConstraintFrames'
[move_group-1] [INFO] [1788603782.708282408] [move_group]: Loaded adapter 'default_planning_request_adapters/ResolveConstraintFrames'
[move_group-1] [INFO] [1788603782.708342296] [move_group]: Try loading adapter 'default_planning_request_adapters/ValidateWorkspaceBounds'
[move_group-1] [INFO] [1788603782.708812620] [move_group]: Loaded adapter 'default_planning_request_adapters/ValidateWorkspaceBounds'
[move_group-1] [INFO] [1788603782.708832967] [move_group]: Try loading adapter 'default_planning_request_adapters/CheckStartStateBounds'
[move_group-1] [INFO] [1788603782.708865436] [move_group]: Loaded adapter 'default_planning_request_adapters/CheckStartStateBounds'
[move_group-1] [INFO] [1788603782.708877107] [move_group]: Try loading adapter 'default_planning_request_adapters/CheckStartStateCollision'
[move_group-1] [INFO] [1788603782.708907171] [move_group]: Loaded adapter 'default_planning_request_adapters/CheckStartStateCollision'
[move_group-1] [INFO] [1788603782.710798975] [move_group]: Try loading adapter 'default_planning_response_adapters/AddTimeOptimalParameterization'
[move_group-1] [INFO] [1788603782.721019374] [move_group]: Loaded adapter 'default_planning_response_adapters/AddTimeOptimalParameterization'
[move_group-1] [INFO] [1788603782.721095752] [move_group]: Try loading adapter 'default_planning_response_adapters/ValidateSolution'
[move_group-1] [INFO] [1788603782.728985701] [move_group]: Loaded adapter 'default_planning_response_adapters/ValidateSolution'
[move_group-1] [INFO] [1788603782.729052352] [move_group]: Try loading adapter 'default_planning_response_adapters/DisplayMotionPath'
[move_group-1] [INFO] [1788603782.730306188] [move_group]: Loaded adapter 'default_planning_response_adapters/DisplayMotionPath'
[move_group-1] [INFO] [1788603782.740432426] [move_group.move_group.moveit.planners.pilz.joint_limits_aggregator]: Reading limits from namespace robot_description_planning
[move_group-1] [INFO] [1788603782.757735740] [move_group.move_group.moveit.planners.pilz.command_planner]: Available plugins: pilz_industrial_motion_planner/PlanningContextLoaderCIRC pilz_industrial_motion_planner/PlanningContextLoaderLIN pilz_industrial_motion_planner/PlanningContextLoaderPTP 
[move_group-1] [INFO] [1788603782.757796119] [move_group.move_group.moveit.planners.pilz.command_planner]: About to load: pilz_industrial_motion_planner/PlanningContextLoaderCIRC
[move_group-1] [INFO] [1788603782.762243060] [move_group.move_group.moveit.planners.pilz.command_planner]: Registered Algorithm [CIRC]
[move_group-1] [INFO] [1788603782.762319128] [move_group.move_group.moveit.planners.pilz.command_planner]: About to load: pilz_industrial_motion_planner/PlanningContextLoaderLIN
[move_group-1] [INFO] [1788603782.764298660] [move_group.move_group.moveit.planners.pilz.command_planner]: Registered Algorithm [LIN]
[move_group-1] [INFO] [1788603782.764362025] [move_group.move_group.moveit.planners.pilz.command_planner]: About to load: pilz_industrial_motion_planner/PlanningContextLoaderPTP
[move_group-1] [INFO] [1788603782.766289804] [move_group.move_group.moveit.planners.pilz.command_planner]: Registered Algorithm [PTP]
[move_group-1] [INFO] [1788603782.766342069] [move_group.move_group.moveit.ros.planning_pipeline]: Successfully loaded planner 'Pilz Industrial Motion Planner'
[move_group-1] [INFO] [1788603782.767772085] [move_group]: Try loading adapter 'default_planning_request_adapters/ResolveConstraintFrames'
[move_group-1] [INFO] [1788603782.767911918] [move_group]: Loaded adapter 'default_planning_request_adapters/ResolveConstraintFrames'
[move_group-1] [INFO] [1788603782.767920404] [move_group]: Try loading adapter 'default_planning_request_adapters/ValidateWorkspaceBounds'
[move_group-1] [INFO] [1788603782.768406766] [move_group]: Loaded adapter 'default_planning_request_adapters/ValidateWorkspaceBounds'
[move_group-1] [INFO] [1788603782.768429658] [move_group]: Try loading adapter 'default_planning_request_adapters/CheckStartStateBounds'
[move_group-1] [INFO] [1788603782.768460594] [move_group]: Loaded adapter 'default_planning_request_adapters/CheckStartStateBounds'
[move_group-1] [INFO] [1788603782.768467527] [move_group]: Try loading adapter 'default_planning_request_adapters/CheckStartStateCollision'
[move_group-1] [INFO] [1788603782.768483706] [move_group]: Loaded adapter 'default_planning_request_adapters/CheckStartStateCollision'
[move_group-1] [INFO] [1788603782.769761234] [move_group]: Try loading adapter 'default_planning_response_adapters/ValidateSolution'
[move_group-1] [INFO] [1788603782.771816795] [move_group]: Loaded adapter 'default_planning_response_adapters/ValidateSolution'
[move_group-1] [INFO] [1788603782.771847340] [move_group]: Try loading adapter 'default_planning_response_adapters/DisplayMotionPath'
[move_group-1] [INFO] [1788603782.772529839] [move_group]: Loaded adapter 'default_planning_response_adapters/DisplayMotionPath'
[move_group-1] [INFO] [1788603782.803507070] [move_group.move_group.moveit.ros.planning_pipeline]: Successfully loaded planner 'OMPL'
[move_group-1] [INFO] [1788603782.805332242] [move_group]: Try loading adapter 'default_planning_request_adapters/ResolveConstraintFrames'
[move_group-1] [INFO] [1788603782.805593707] [move_group]: Loaded adapter 'default_planning_request_adapters/ResolveConstraintFrames'
[move_group-1] [INFO] [1788603782.805612491] [move_group]: Try loading adapter 'default_planning_request_adapters/ValidateWorkspaceBounds'
[move_group-1] [INFO] [1788603782.806497517] [move_group]: Loaded adapter 'default_planning_request_adapters/ValidateWorkspaceBounds'
[move_group-1] [INFO] [1788603782.806530006] [move_group]: Try loading adapter 'default_planning_request_adapters/CheckStartStateBounds'
[move_group-1] [INFO] [1788603782.806583463] [move_group]: Loaded adapter 'default_planning_request_adapters/CheckStartStateBounds'
[move_group-1] [INFO] [1788603782.806594273] [move_group]: Try loading adapter 'default_planning_request_adapters/CheckStartStateCollision'
[move_group-1] [INFO] [1788603782.806618837] [move_group]: Loaded adapter 'default_planning_request_adapters/CheckStartStateCollision'
[move_group-1] [INFO] [1788603782.808963833] [move_group]: Try loading adapter 'default_planning_response_adapters/AddTimeOptimalParameterization'
[move_group-1] [INFO] [1788603782.810744816] [move_group]: Loaded adapter 'default_planning_response_adapters/AddTimeOptimalParameterization'
[move_group-1] [INFO] [1788603782.810779879] [move_group]: Try loading adapter 'default_planning_response_adapters/ValidateSolution'
[move_group-1] [INFO] [1788603782.812016073] [move_group]: Loaded adapter 'default_planning_response_adapters/ValidateSolution'
[move_group-1] [INFO] [1788603782.812050545] [move_group]: Try loading adapter 'default_planning_response_adapters/DisplayMotionPath'
[move_group-1] [INFO] [1788603782.813098006] [move_group]: Loaded adapter 'default_planning_response_adapters/DisplayMotionPath'
[move_group-1] [INFO] [1788603782.826282795] [move_group.move_group.moveit.ros.planning_pipeline]: Successfully loaded planner 'CHOMP'
[move_group-1] [INFO] [1788603782.827993029] [move_group]: Try loading adapter 'default_planning_request_adapters/ResolveConstraintFrames'
[move_group-1] [INFO] [1788603782.828219941] [move_group]: Loaded adapter 'default_planning_request_adapters/ResolveConstraintFrames'
[move_group-1] [INFO] [1788603782.828230790] [move_group]: Try loading adapter 'default_planning_request_adapters/ValidateWorkspaceBounds'
[move_group-1] [INFO] [1788603782.828804682] [move_group]: Loaded adapter 'default_planning_request_adapters/ValidateWorkspaceBounds'
[move_group-1] [INFO] [1788603782.828827283] [move_group]: Try loading adapter 'default_planning_request_adapters/CheckStartStateBounds'
[move_group-1] [INFO] [1788603782.828861154] [move_group]: Loaded adapter 'default_planning_request_adapters/CheckStartStateBounds'
[move_group-1] [INFO] [1788603782.828870421] [move_group]: Try loading adapter 'default_planning_request_adapters/CheckStartStateCollision'
[move_group-1] [INFO] [1788603782.828895777] [move_group]: Loaded adapter 'default_planning_request_adapters/CheckStartStateCollision'
[move_group-1] [INFO] [1788603782.830680716] [move_group]: Try loading adapter 'default_planning_response_adapters/AddTimeOptimalParameterization'
[move_group-1] [INFO] [1788603782.831862481] [move_group]: Loaded adapter 'default_planning_response_adapters/AddTimeOptimalParameterization'
[move_group-1] [INFO] [1788603782.831891163] [move_group]: Try loading adapter 'default_planning_response_adapters/ValidateSolution'
[move_group-1] [INFO] [1788603782.832827172] [move_group]: Loaded adapter 'default_planning_response_adapters/ValidateSolution'
[move_group-1] [INFO] [1788603782.832853039] [move_group]: Try loading adapter 'default_planning_response_adapters/DisplayMotionPath'
[move_group-1] [INFO] [1788603782.833717147] [move_group]: Loaded adapter 'default_planning_response_adapters/DisplayMotionPath'
[move_group-1] [WARN] [1788603782.836717933] [rcl.logging_rosout]: Publisher already registered for node name: 'move_group'. If this is due to multiple nodes with the same name then all logs for the logger named 'move_group' will go out over the existing publisher. As soon as any node with that name is destructed it will unregister the publisher, preventing any further logs for that name from being published on the rosout topic.
[move_group-1] [INFO] [1788603782.952912534] [move_group.move_group.moveit.plugins.simple_controller_manager]: Added FollowJointTrajectory controller for joint_trajectory_controller
[move_group-1] [INFO] [1788603782.953332546] [move_group.move_group.moveit.plugins.simple_controller_manager]: Returned 1 controllers in list
[move_group-1] [INFO] [1788603782.953405479] [move_group.move_group.moveit.plugins.simple_controller_manager]: Returned 1 controllers in list
[move_group-1] [INFO] [1788603782.954453831] [move_group.move_group.moveit.ros.trajectory_execution_manager]: Trajectory execution is managing controllers
[move_group-1] [INFO] [1788603782.954516695] [move_group]: MoveGroup debug mode is ON
[move_group-1] [INFO] [1788603783.026801535] [move_group.move_group.moveit.planners.pilz.move_group_sequence_action]: initialize move group sequence action
[move_group-1] [INFO] [1788603783.034860433] [move_group.move_group.moveit.planners.pilz.joint_limits_aggregator]: Reading limits from namespace robot_description_planning
[move_group-1] [INFO] [1788603783.035127048] [move_group.move_group.moveit.planners.pilz.joint_limits_aggregator]: Reading limits from namespace robot_description_planning
[move_group-1] [INFO] [1788603783.037036494] [move_group.move_group.moveit.ros.move_group.executable]: 
[move_group-1] 
[move_group-1] ********************************************************
[move_group-1] * MoveGroup using: 
[move_group-1] *     - apply_planning_scene_service
[move_group-1] *     - clear_octomap_service
[move_group-1] *     - get_group_urdf
[move_group-1] *     - load_geometry_from_file
[move_group-1] *     - CartesianPathService
[move_group-1] *     - execute_trajectory_action
[move_group-1] *     - get_planning_scene_service
[move_group-1] *     - kinematics_service
[move_group-1] *     - move_action
[move_group-1] *     - motion_plan_service
[move_group-1] *     - query_planners_service
[move_group-1] *     - state_validation_service
[move_group-1] *     - save_geometry_to_file
[move_group-1] *     - SequenceAction
[move_group-1] *     - SequenceService
[move_group-1] ********************************************************
[move_group-1] 
[move_group-1] [INFO] [1788603783.037101202] [move_group.move_group.moveit.ros.move_group.context]: MoveGroup context using pipeline ompl
[move_group-1] [INFO] [1788603783.037115578] [move_group.move_group.moveit.ros.move_group.context]: MoveGroup context initialization complete
[move_group-1] [96mLoading 'move_group/ApplyPlanningSceneService'...[0m
[move_group-1] [96mLoading 'move_group/ClearOctomapService'...[0m
[move_group-1] [96mLoading 'move_group/GetUrdfService'...[0m
[move_group-1] [96mLoading 'move_group/LoadGeometryFromFileService'...[0m
[move_group-1] [96mLoading 'move_group/MoveGroupCartesianPathService'...[0m
[move_group-1] [96mLoading 'move_group/MoveGroupExecuteTrajectoryAction'...[0m
[move_group-1] [96mLoading 'move_group/MoveGroupGetPlanningSceneService'...[0m
[move_group-1] [96mLoading 'move_group/MoveGroupKinematicsService'...[0m
[move_group-1] [96mLoading 'move_group/MoveGroupMoveAction'...[0m
[move_group-1] [96mLoading 'move_group/MoveGroupPlanService'...[0m
[move_group-1] [96mLoading 'move_group/MoveGroupQueryPlannersService'...[0m
[move_group-1] [96mLoading 'move_group/MoveGroupStateValidationService'...[0m
[move_group-1] [96mLoading 'move_group/SaveGeometryToFileService'...[0m
[move_group-1] [96mLoading 'pilz_industrial_motion_planner/MoveGroupSequenceAction'...[0m
[move_group-1] [96mLoading 'pilz_industrial_motion_planner/MoveGroupSequenceService'...[0m
[move_group-1] 
[move_group-1] [92mYou can start planning now![0m
[move_group-1] 
[move_group-1] [INFO] [1788603953.924881926] [move_group.move_group.moveit.ros.move_group.plan_service]: Received new planning service request...
[move_group-1] [INFO] [1788603953.935684753] [move_group]: Calling PlanningRequestAdapter 'ResolveConstraintFrames'
[move_group-1] [INFO] [1788603953.935813045] [move_group]: Calling PlanningRequestAdapter 'ValidateWorkspaceBounds'
[move_group-1] [WARN] [1788603953.935828428] [move_group.move_group.moveit.ros.validate_workspace_bounds]: It looks like the planning volume was not specified. Using default values.
[move_group-1] [INFO] [1788603953.935844833] [move_group]: Calling PlanningRequestAdapter 'CheckStartStateBounds'
[move_group-1] [INFO] [1788603953.935929753] [move_group]: Calling PlanningRequestAdapter 'CheckStartStateCollision'
[move_group-1] [INFO] [1788603953.938595596] [move_group.move_group.moveit.planners.ompl.model_based_planning_context]: Planner configuration 'cs625_arm' will use planner 'geometric::RRTConnect'. Additional configuration parameters will be set when the planner is constructed.
[move_group-1] [INFO] [1788603953.939187260] [move_group]: Calling Planner 'OMPL'
[move_group-1] [INFO] [1788603953.959618549] [move_group]: Calling PlanningResponseAdapter 'AddTimeOptimalParameterization'
[move_group-1] [INFO] [1788603953.968647876] [move_group]: Calling PlanningResponseAdapter 'ValidateSolution'
[move_group-1] [INFO] [1788603953.970810602] [move_group]: Calling PlanningResponseAdapter 'DisplayMotionPath'
[move_group-1] [WARN] [1788603953.971117953] [move_group.move_group.moveit.ros.planning_pipeline]: The planner plugin did not fill out the 'planner_id' field of the MotionPlanResponse. Setting it to the planner ID name of the MotionPlanRequest assuming that the planner plugin does warn you if it does not use the requested planner.
[gazebo-2] [INFO] [1788603954.056170989] [joint_trajectory_controller]: Received new action goal
[gazebo-2] [INFO] [1788603954.056343574] [joint_trajectory_controller]: Accepted new action goal
[gazebo-2] [INFO] [1788603965.485211127] [joint_trajectory_controller]: Goal reached, success!
[gazebo-2] [1;33m[Wrn] [Component.hh:127] [0m[1;33mTrying to serialize component with data type [[0m[1;33mSt10shared_ptrIN3sdf3v147ElementEE[Wrn] [Component.hh:127] [0m[1;33mTrying to serialize component with data type [[0m[1;33mSt10shared_ptrIN3sdf3v147ElementEE[0m[1;33m], which doesn't have [0m[1;33mSt10shared_ptrIN3sdf3v147ElementEE[Wrn] [Component.hh:127] [Wrn] [Component.hh:127] [0m[1;33m`operator<<`. Component will not be serialized.[0m[1;33mSt10shared_ptrIN3sdf3v147ElementEE[Wrn] [Component.hh:127] [0m[1;33mTrying to serialize component with data type [[0m[1;33mSt10shared_ptrIN3sdf3v147ElementEE[0m[1;33m], which doesn't have [0m[1;33m`operator<<`. Component will not be serialized.[0m[1;33m], which doesn't have [0m[1;33m[0m
[gazebo-2] [1;33m[0m
[gazebo-2] [1;33m`operator<<`. Component will not be serialized.[0m[1;33m[0m
[gazebo-2] [1;36m[Dbg] [EntityComponentManager.cc:1656] [0m[1;36mUpdated state thread iterators: [0m[1;36m16[0m[1;36m threads processing around [0m[1;36m4[0m[1;36m entities each.[0m[1;36m[0m
[move_group-1] [INFO] [1788604371.973378098] [move_group.move_group.moveit.ros.move_group.plan_service]: Received new planning service request...
[move_group-1] [INFO] [1788604371.981008266] [move_group]: Calling PlanningRequestAdapter 'ResolveConstraintFrames'
[move_group-1] [INFO] [1788604371.981214703] [move_group]: Calling PlanningRequestAdapter 'ValidateWorkspaceBounds'
[move_group-1] [WARN] [1788604371.981257215] [move_group.move_group.moveit.ros.validate_workspace_bounds]: It looks like the planning volume was not specified. Using default values.
[move_group-1] [INFO] [1788604371.981294106] [move_group]: Calling PlanningRequestAdapter 'CheckStartStateBounds'
[move_group-1] [INFO] [1788604371.981404759] [move_group]: Calling PlanningRequestAdapter 'CheckStartStateCollision'
[move_group-1] [INFO] [1788604371.984933239] [move_group.move_group.moveit.planners.ompl.model_based_planning_context]: Planner configuration 'cs625_arm' will use planner 'geometric::RRTConnect'. Additional configuration parameters will be set when the planner is constructed.
[move_group-1] [INFO] [1788604371.985283348] [move_group]: Calling Planner 'OMPL'
[move_group-1] [ERROR] [1788604375.987870620] [move_group.move_group.moveit.planners.ompl.model_based_planning_context]: Unable to solve the planning problem
[move_group-1] [ERROR] [1788604375.988148906] [move_group]: Planner 'OMPL' failed with error code FAILURE
[move_group-1] [ERROR] [1788604375.988213117] [move_group.move_group.moveit.ros.move_group.plan_service]: Generating a plan with planning pipeline failed.
[move_group-1] [INFO] [1788604575.956003996] [move_group.move_group.moveit.ros.move_group.plan_service]: Received new planning service request...
[move_group-1] [INFO] [1788604575.961279117] [move_group]: Calling PlanningRequestAdapter 'ResolveConstraintFrames'
[move_group-1] [INFO] [1788604575.961541745] [move_group]: Calling PlanningRequestAdapter 'ValidateWorkspaceBounds'
[move_group-1] [WARN] [1788604575.961567314] [move_group.move_group.moveit.ros.validate_workspace_bounds]: It looks like the planning volume was not specified. Using default values.
[move_group-1] [INFO] [1788604575.961599585] [move_group]: Calling PlanningRequestAdapter 'CheckStartStateBounds'
[move_group-1] [INFO] [1788604575.961691800] [move_group]: Calling PlanningRequestAdapter 'CheckStartStateCollision'
[move_group-1] [INFO] [1788604575.963162610] [move_group.move_group.moveit.planners.ompl.model_based_planning_context]: Planner configuration 'cs625_arm' will use planner 'geometric::RRTConnect'. Additional configuration parameters will be set when the planner is constructed.
[move_group-1] [INFO] [1788604575.963341279] [move_group]: Calling Planner 'OMPL'
[move_group-1] [ERROR] [1788604579.964320859] [move_group.move_group.moveit.planners.ompl.planner_manager]: ./src/ompl/geometric/planners/rrt/src/RRTConnect.cpp:265 - cs625_arm/cs625_arm: Unable to sample any valid states for goal tree
[move_group-1] [ERROR] [1788604579.965062674] [move_group.move_group.moveit.planners.ompl.planner_manager]: ./src/ompl/geometric/planners/rrt/src/RRTConnect.cpp:265 - cs625_arm/cs625_arm: Unable to sample any valid states for goal tree
[move_group-1] [ERROR] [1788604579.965180989] [move_group.move_group.moveit.planners.ompl.planner_manager]: ./src/ompl/geometric/planners/rrt/src/RRTConnect.cpp:265 - cs625_arm/cs625_arm: Unable to sample any valid states for goal tree
[move_group-1] [ERROR] [1788604579.965294024] [move_group.move_group.moveit.planners.ompl.planner_manager]: ./src/ompl/geometric/planners/rrt/src/RRTConnect.cpp:265 - cs625_arm/cs625_arm: Unable to sample any valid states for goal tree
[move_group-1] [WARN] [1788604579.965569801] [move_group.move_group.moveit.planners.ompl.planner_manager]: ./src/ompl/tools/multiplan/src/ParallelPlan.cpp:138 - ParallelPlan::solve(): Unable to find solution by any of the threads in 3.990904 seconds
[move_group-1] [ERROR] [1788604579.966147582] [move_group.move_group.moveit.planners.ompl.model_based_planning_context]: Unable to solve the planning problem
[move_group-1] [ERROR] [1788604579.966268092] [move_group]: Planner 'OMPL' failed with error code FAILURE
[move_group-1] [ERROR] [1788604579.966293320] [move_group.move_group.moveit.ros.move_group.plan_service]: Generating a plan with planning pipeline failed.
[move_group-1] [INFO] [1788604714.462643036] [move_group.move_group.moveit.ros.move_group.plan_service]: Received new planning service request...
[move_group-1] [INFO] [1788604714.472587033] [move_group]: Calling PlanningRequestAdapter 'ResolveConstraintFrames'
[move_group-1] [INFO] [1788604714.472680931] [move_group]: Calling PlanningRequestAdapter 'ValidateWorkspaceBounds'
[move_group-1] [WARN] [1788604714.472691662] [move_group.move_group.moveit.ros.validate_workspace_bounds]: It looks like the planning volume was not specified. Using default values.
[move_group-1] [INFO] [1788604714.472711960] [move_group]: Calling PlanningRequestAdapter 'CheckStartStateBounds'
[move_group-1] [INFO] [1788604714.472751966] [move_group]: Calling PlanningRequestAdapter 'CheckStartStateCollision'
[move_group-1] [WARN] [1788604714.473119404] [move_group.move_group.moveit.core.kinematic_constraints]: Joint shoulder_pan_joint is constrained to be below the minimum bounds. Assuming minimum bounds instead.
[move_group-1] [WARN] [1788604714.473260532] [move_group.move_group.moveit.core.kinematic_constraints]: Joint shoulder_pan_joint is constrained to be below the minimum bounds. Assuming minimum bounds instead.
[move_group-1] [INFO] [1788604714.473464088] [move_group.move_group.moveit.planners.ompl.model_based_planning_context]: Planner configuration 'cs625_arm' will use planner 'geometric::RRTConnect'. Additional configuration parameters will be set when the planner is constructed.
[move_group-1] [INFO] [1788604714.473536626] [move_group]: Calling Planner 'OMPL'
[move_group-1] [INFO] [1788604714.501867968] [move_group]: Calling PlanningResponseAdapter 'AddTimeOptimalParameterization'
[move_group-1] [INFO] [1788604714.508487384] [move_group]: Calling PlanningResponseAdapter 'ValidateSolution'
[move_group-1] [INFO] [1788604714.511589473] [move_group]: Calling PlanningResponseAdapter 'DisplayMotionPath'
[move_group-1] [WARN] [1788604714.511845759] [move_group.move_group.moveit.ros.planning_pipeline]: The planner plugin did not fill out the 'planner_id' field of the MotionPlanResponse. Setting it to the planner ID name of the MotionPlanRequest assuming that the planner plugin does warn you if it does not use the requested planner.
[move_group-1] [INFO] [1788604983.322118702] [move_group.move_group.moveit.ros.move_group.plan_service]: Received new planning service request...
[move_group-1] [INFO] [1788604983.328570852] [move_group]: Calling PlanningRequestAdapter 'ResolveConstraintFrames'
[move_group-1] [INFO] [1788604983.328697502] [move_group]: Calling PlanningRequestAdapter 'ValidateWorkspaceBounds'
[move_group-1] [WARN] [1788604983.328712531] [move_group.move_group.moveit.ros.validate_workspace_bounds]: It looks like the planning volume was not specified. Using default values.
[move_group-1] [INFO] [1788604983.328771332] [move_group]: Calling PlanningRequestAdapter 'CheckStartStateBounds'
[move_group-1] [INFO] [1788604983.328891780] [move_group]: Calling PlanningRequestAdapter 'CheckStartStateCollision'
[move_group-1] [INFO] [1788604983.329933313] [move_group.move_group.moveit.planners.ompl.model_based_planning_context]: Planner configuration 'cs625_arm' will use planner 'geometric::RRTConnect'. Additional configuration parameters will be set when the planner is constructed.
[move_group-1] [INFO] [1788604983.330110799] [move_group]: Calling Planner 'OMPL'
[move_group-1] [INFO] [1788604983.363782981] [move_group]: Calling PlanningResponseAdapter 'AddTimeOptimalParameterization'
[move_group-1] [INFO] [1788604983.372536930] [move_group]: Calling PlanningResponseAdapter 'ValidateSolution'
[move_group-1] [INFO] [1788604983.377070767] [move_group]: Calling PlanningResponseAdapter 'DisplayMotionPath'
[move_group-1] [WARN] [1788604983.377375524] [move_group.move_group.moveit.ros.planning_pipeline]: The planner plugin did not fill out the 'planner_id' field of the MotionPlanResponse. Setting it to the planner ID name of the MotionPlanRequest assuming that the planner plugin does warn you if it does not use the requested planner.
[move_group-1] [INFO] [1788605208.257315136] [move_group.move_group.moveit.ros.move_group.plan_service]: Received new planning service request...
[move_group-1] [INFO] [1788605208.263658238] [move_group]: Calling PlanningRequestAdapter 'ResolveConstraintFrames'
[move_group-1] [INFO] [1788605208.263754802] [move_group]: Calling PlanningRequestAdapter 'ValidateWorkspaceBounds'
[move_group-1] [WARN] [1788605208.263767846] [move_group.move_group.moveit.ros.validate_workspace_bounds]: It looks like the planning volume was not specified. Using default values.
[move_group-1] [INFO] [1788605208.263793044] [move_group]: Calling PlanningRequestAdapter 'CheckStartStateBounds'
[move_group-1] [INFO] [1788605208.263835795] [move_group]: Calling PlanningRequestAdapter 'CheckStartStateCollision'
[move_group-1] [WARN] [1788605208.264126538] [move_group.move_group.moveit.core.kinematic_constraints]: Joint shoulder_pan_joint is constrained to be below the minimum bounds. Assuming minimum bounds instead.
[move_group-1] [WARN] [1788605208.264232710] [move_group.move_group.moveit.core.kinematic_constraints]: Joint shoulder_pan_joint is constrained to be below the minimum bounds. Assuming minimum bounds instead.
[move_group-1] [INFO] [1788605208.264547107] [move_group.move_group.moveit.planners.ompl.model_based_planning_context]: Planner configuration 'cs625_arm' will use planner 'geometric::RRTConnect'. Additional configuration parameters will be set when the planner is constructed.
[move_group-1] [INFO] [1788605208.264743069] [move_group]: Calling Planner 'OMPL'
[move_group-1] [INFO] [1788605208.287428153] [move_group]: Calling PlanningResponseAdapter 'AddTimeOptimalParameterization'
[move_group-1] [INFO] [1788605208.294512268] [move_group]: Calling PlanningResponseAdapter 'ValidateSolution'
[move_group-1] [INFO] [1788605208.298239906] [move_group]: Calling PlanningResponseAdapter 'DisplayMotionPath'
[move_group-1] [WARN] [1788605208.298584822] [move_group.move_group.moveit.ros.planning_pipeline]: The planner plugin did not fill out the 'planner_id' field of the MotionPlanResponse. Setting it to the planner ID name of the MotionPlanRequest assuming that the planner plugin does warn you if it does not use the requested planner.
[move_group-1] [INFO] [1788605367.025998552] [move_group.move_group.moveit.ros.move_group.plan_service]: Received new planning service request...
[move_group-1] [INFO] [1788605367.035913638] [move_group]: Calling PlanningRequestAdapter 'ResolveConstraintFrames'
[move_group-1] [INFO] [1788605367.036060186] [move_group]: Calling PlanningRequestAdapter 'ValidateWorkspaceBounds'
[move_group-1] [WARN] [1788605367.036085835] [move_group.move_group.moveit.ros.validate_workspace_bounds]: It looks like the planning volume was not specified. Using default values.
[move_group-1] [INFO] [1788605367.036124438] [move_group]: Calling PlanningRequestAdapter 'CheckStartStateBounds'
[move_group-1] [INFO] [1788605367.036173682] [move_group]: Calling PlanningRequestAdapter 'CheckStartStateCollision'
[move_group-1] [INFO] [1788605367.036838794] [move_group.move_group.moveit.planners.ompl.model_based_planning_context]: Planner configuration 'cs625_arm' will use planner 'geometric::RRTConnect'. Additional configuration parameters will be set when the planner is constructed.
[move_group-1] [INFO] [1788605367.036940558] [move_group]: Calling Planner 'OMPL'
[move_group-1] [INFO] [1788605367.052006925] [move_group]: Calling PlanningResponseAdapter 'AddTimeOptimalParameterization'
[move_group-1] [INFO] [1788605367.059417647] [move_group]: Calling PlanningResponseAdapter 'ValidateSolution'
[move_group-1] [INFO] [1788605367.061373340] [move_group]: Calling PlanningResponseAdapter 'DisplayMotionPath'
[move_group-1] [WARN] [1788605367.061571025] [move_group.move_group.moveit.ros.planning_pipeline]: The planner plugin did not fill out the 'planner_id' field of the MotionPlanResponse. Setting it to the planner ID name of the MotionPlanRequest assuming that the planner plugin does warn you if it does not use the requested planner.
[move_group-1] [INFO] [1788605484.129113104] [move_group.move_group.moveit.ros.move_group.plan_service]: Received new planning service request...
[move_group-1] [INFO] [1788605484.130739458] [move_group]: Calling PlanningRequestAdapter 'ResolveConstraintFrames'
[move_group-1] [INFO] [1788605484.130826603] [move_group]: Calling PlanningRequestAdapter 'ValidateWorkspaceBounds'
[move_group-1] [WARN] [1788605484.130835530] [move_group.move_group.moveit.ros.validate_workspace_bounds]: It looks like the planning volume was not specified. Using default values.
[move_group-1] [INFO] [1788605484.130851440] [move_group]: Calling PlanningRequestAdapter 'CheckStartStateBounds'
[move_group-1] [INFO] [1788605484.130883191] [move_group]: Calling PlanningRequestAdapter 'CheckStartStateCollision'
[move_group-1] [INFO] [1788605484.131557422] [move_group.move_group.moveit.planners.ompl.model_based_planning_context]: Planner configuration 'cs625_arm' will use planner 'geometric::RRTConnect'. Additional configuration parameters will be set when the planner is constructed.
[move_group-1] [INFO] [1788605484.131855618] [move_group]: Calling Planner 'OMPL'
[move_group-1] [INFO] [1788605484.150987539] [move_group]: Calling PlanningResponseAdapter 'AddTimeOptimalParameterization'
[move_group-1] [INFO] [1788605484.164020317] [move_group]: Calling PlanningResponseAdapter 'ValidateSolution'
[move_group-1] [INFO] [1788605484.167012493] [move_group]: Calling PlanningResponseAdapter 'DisplayMotionPath'
[move_group-1] [WARN] [1788605484.167435206] [move_group.move_group.moveit.ros.planning_pipeline]: The planner plugin did not fill out the 'planner_id' field of the MotionPlanResponse. Setting it to the planner ID name of the MotionPlanRequest assuming that the planner plugin does warn you if it does not use the requested planner.
[gazebo-2] [INFO] [1788605484.226517822] [joint_trajectory_controller]: Received new action goal
[gazebo-2] [INFO] [1788605484.226652959] [joint_trajectory_controller]: Accepted new action goal
[gazebo-2] [INFO] [1788605496.337298928] [joint_trajectory_controller]: Goal reached, success!
[move_group-1] [INFO] [1788606654.639269740] [rclcpp]: signal_handler(SIGINT/SIGTERM)
[robot_state_publisher-7] [INFO] [1788606654.643495805] [rclcpp]: signal_handler(SIGINT/SIGTERM)
[parameter_bridge-1] [INFO] [1788606654.643329520] [rclcpp]: signal_handler(SIGINT/SIGTERM)
[parameter_bridge-4] [INFO] [1788606654.643988040] [rclcpp]: signal_handler(SIGINT/SIGTERM)
[move_group-1] Stack trace (most recent call last):
[move_group-1] #6    Object "/usr/lib/x86_64-linux-gnu/ld-linux-x86-64.so.2", at 0xffffffffffffffff, in 
[move_group-1] #5    Object "/opt/ros/jazzy/lib/moveit_ros_move_group/move_group", at 0x602adb7cfa44, in _start
[move_group-1] #4    Object "/usr/lib/x86_64-linux-gnu/libc.so.6", at 0x719e70c2a28a, in __libc_start_main
[move_group-1] #3    Object "/usr/lib/x86_64-linux-gnu/libc.so.6", at 0x719e70c2a1c9, in 
[move_group-1] #2    Object "/opt/ros/jazzy/lib/moveit_ros_move_group/move_group", at 0x602adb7ce517, in main
[move_group-1] #1    Object "/opt/ros/jazzy/lib/librclcpp.so", at 0x719e71514767, in rclcpp::Executor::~Executor()
[move_group-1] #0    Object "/opt/ros/jazzy/lib/librclcpp.so", at 0x719e7150f24e, in 
[move_group-1] Segmentation fault (Address not mapped to object [0x719e401ca170])
[INFO] [parameter_bridge-1]: process has finished cleanly [pid 498]
[INFO] [parameter_bridge-4]: process has finished cleanly [pid 501]
[INFO] [robot_state_publisher-7]: process has finished cleanly [pid 697]
Traceback (most recent call last):
[rgbd_sensor_adapter-5] Traceback (most recent call last):
tor/p7_gripper_adapter", line 33, in <module>
    sys.exit(load_entry_point('cs625-task-orchestrator', 'console_scripts', 'p7_gripper_adapter')())
             ^^^^^^^^^^^^^^^^^^^^^^^^^^^^^^^^^^^^^^^^^^^^^^^^^^^^^^^^^^^^^^^^^^^^^^^^^^^^^^^^^^^^^^
ter", line 33, in <module>
[rgbd_sensor_adapter-5]     sys.exit(load_entry_point('cs625-sensor-adapter', 'console_scripts', 'rgbd_sensor_adapter')())
[rgbd_sensor_adapter-5]              ^^^^^^^^^^^^^^^^^^^^^^^^^^^^^^^^^^^^^^^^^^^^^^^^^^^^^^^^^^^^^^^^^^^^^^^^^^^^^^^^^^^^
[rgbd_sensor_adapter-5]   File "/home/oy/cs625_p56_build/cs625_sensor_adapter/cs625_sensor_adapter/point_cloud_relay.py", line 273, in main
[rgbd_sensor_adapter-5]     rclpy.spin(node)
[rgbd_sensor_adapter-5]   File "/opt/ros/jazzy/lib/python3.12/site-packages/rclpy/__init__.py", line 247, in spin
[rgbd_sensor_adapter-5]     executor.spin_once()
[rgbd_sensor_adapter-5]   File "/opt/ros/jazzy/lib/python3.12/site-packages/rclpy/executors.py", line 926, in spin_once
[rgbd_sensor_adapter-5]     self._spin_once_impl(timeout_sec)
[rgbd_sensor_adapter-5]   File "/opt/ros/jazzy/lib/python3.12/site-packages/rclpy/executor    executor.spin_once()
_once_impl
[rgbd_sensor_adapter-5]     handler, entity, node = self.wait_for_ready_callbacks(
[rgbd_sensor_adapter-5]                             ^^^^^^^^^^^^^^^^^^^^^^^^^^^^^^
in spin_once
    self._spin_once_impl(timeout_sec)
os/jazzy/lib/python3.12/site-packages/rclpy/executors.py", line 877, in wait_for_ready_callbacks
  File "/opt/ros/jazzy/lib/python3.12/site-packages/rcl[rgbd_sensor_adapter-5]            ^^^^^^^^^^^^    hand[rgbd_sensor_adapter-5]   File "/opt/ros/jazzy/lib/                            ^^^^^^^^^^^^^^^^^^^^^^^^^^^^^^
_wait_for_ready_callbacks
[rgbd_sensor_adapter-5]     wait_set = _rclpy.WaitSet(
[rgbd_sensor_adapter-5]                ^^^^^^^^^^^^^^^
py/executors.py", line 877, in wait_for_ready_callbacks
[rgbd_sensor_adapter-5] rclpy._           ^^^^^^^^^^^^^^^^^^^
 to initialize wait set: the given context is not valid, either rcl_init() was not called or rcl_shutdown() was called., at ./src/rcl/wait.c:130
  File "/opt/ros/jazzy/lib/python3.12/site-packages/rclpy/executors.py", line 785, in _wait_for_ready_callbacks
    raise ExternalShutdownException()
rclpy.executors.ExternalShutdownException
Traceback (most recent call last):
  File "/home/oy/cs625_p56_install/lib/cs625_motion_adapter/p7_arm_motion_adapter", line 33, in <module>
    sys.exit(load_entry_point('cs625-motion-adapter', 'console_scripts', 'p7_arm_motion_adapter')())
             ^^^^^^^^^^^^^^^^^^^^^^^^^^^^^^^^^^^^^^^^^^^^^^^^^^^^^^^^^^^^^^^^^^^^^^^^^^^^^^^^^^^^^^
  File "/home/oy/cs625_p56_build/cs625_motion_adapter/cs625_motion_adapter/p7_arm_motion_adapter.py", line 817, in main
    rclpy.spin(node)
  File "/opt/ros/jazzy/lib/python3.12/site-packages/rclpy/__init__.py", line 247, in spin
    executor.spin_once()
  File "/opt/ros/jazzy/lib/python3.12/site-packages/rclpy/executors.py", line 926, in spin_once
    self._spin_once_impl(timeout_sec)
  File "/opt/ros/jazzy/lib/python3.12/site-packages/rclpy/executors.py", line 907, in _spin_once_impl
    handler, entity, node = self.wait_for_ready_callbacks(
                            ^^^^^^^^^^^^^^^^^^^^^^^^^^^^^^
  File "/opt/ros/jazzy/lib/python3.12/site-packages/rclpy/executors.py", line 877, in wait_for_ready_callbacks
    return next(self._cb_iter)
           ^^^^^^^^^^^^^^^^^^^
  File "/opt/ros/jazzy/lib/python3.12/site-packages/rclpy/executors.py", line 785, in _wait_for_ready_callbacks
    raise ExternalShutdownException()
rclpy.executors.ExternalShutdownException
[gazebo-2] [1;36m[Dbg] [SignalHandler.cc:142] [0m[1;36mReceived signal[[0m[1;36m2[0m[1;36m].[0m
[gazebo-2] [1;36m[Dbg] [ServerPrivate.cc:122] [0m[1;36mServer received signal[[0m[1;36m2[0m[1;36m][0m
[gazebo-2] [1;36m[Dbg] [Sensors.cc:565] [0m[1;36mSensorsPrivate::Stop[0m[1;36m[0m
[ERROR] [rgbd_sensor_adapter-5]: process has died [pid 502, exit code 1, cmd '/home/oy/cs625_p56_install/lib/cs625_sensor_adapter/rgbd_sensor_adapter --ros-args -r __node:=cs625_sensor_adapter --params-file /tmp/launch_params_m7yifho6 --params-file /tmp/launch_params_he5pfg4f'].
[ros2run]: Process exited with failure 1
[ros2run]: Process exited with failure 1
[gazebo-2] [INFO] [1788606656.641373929] [controller_manager.pal_statistics]: Async messages lost 0
[gazebo-2] [INFO] [1788606656.641647468] [controller_manager.pal_statistics]: publish_async_failures_ 0
[gazebo-2] [INFO] [1788606656.650411893] [controller_manager.pal_statistics]: Async messages lost 0
[gazebo-2] [INFO] [1788606656.650491384] [controller_manager.pal_statistics]: publish_async_failures_ 9
[gazebo-2] [1;36m[Dbg] [Sensors.cc:551] [0m[1;36mSensorsPrivate::RenderThread stopped[0m[1;36m[0m
[gazebo-2] [1;36m[Dbg] [gz.cc:434] [0m[1;36mShutting down gz-sim-server[0m[1;36m[0m
[gazebo-2] [1;36m[Dbg] [SimulationRunner.cc:578] [0m[1;36mExiting postupdate worker thread ([0m[1;36m1[0m[1;36m)[Dbg] [SimulationRunner.cc:578] [0m[1;36m)[Dbg] [SimulationRunner.cc:578] [Dbg] [SimulationRunner.cc:578] [0m[1;36m)[Dbg] [SimulationRunner.cc:578] [0m[1;36m)[0m[1;36mExiting postupdate worker thread ([0m[1;36m3[0m[1;36m3Exiting postupdate worker thread ([0m[1;36m2[0m[1;36m)[0m[1;36m0[0m[1;36m)[0m[1;36m[0m
[gazebo-2] [1;36m[0m
[gazebo-2] [1;36m[0m
[gazebo-2] [1;36m[0m
[gazebo-2] [1;36m[Dbg] [Sensors.cc:565] [0m[1;36mSensorsPrivate::Stop[0m[1;36m[0m
[INFO] [gazebo-2]: process has finished cleanly [pid 499]
[ERROR] [move_group-1]: process has died [pid 961, exit code -11, cmd '/opt/ros/jazzy/lib/moveit_ros_move_group/move_group --ros-args -r __node:=move_group --params-file /tmp/launch_params_vwon2huc --params-file /tmp/launch_params_nh2ggwxj'].
